import React from 'react';
import {shallow} from 'enzyme';
import CardTitle from '../../components/CardTitle';

describe('CardTitle', () => {
  it('Renders correctly', () => {
    const wrapper = shallow(<CardTitle />);

    expect(wrapper).toMatchSnapshot();
  });
});
