import React from 'react';
import {shallow} from 'enzyme';
import Copyright from '../../components/Copyright';

describe('Copyright', () => {
  it('Renders correctly', () => {
    const wrapper = shallow(<Copyright />);

    expect(wrapper).toMatchSnapshot();
  });
});
