import React from 'react';
import {shallow} from 'enzyme';
import Footer from '../../components/Footer';

describe('Footer', () => {
  it('Renders correctly', () => {
    const wrapper = shallow(<Footer />);

    expect(wrapper).toMatchSnapshot();
  });
});
