import React from 'react';
import {shallow} from 'enzyme';
import GroceryList from '../../components/GroceryList';

describe('GroceryList', () => {
  it('Renders correctly', () => {
    const wrapper = shallow(<GroceryList />);

    expect(wrapper).toMatchSnapshot();
  });
});
