import React from 'react';
import {shallow} from 'enzyme';
import Landing from '../../components/Landing';

describe('Landing', () => {
  it('Renders correctly', () => {
    const wrapper = shallow(<Landing />);

    expect(wrapper).toMatchSnapshot();
  });
});
