import React from 'react';
import {shallow} from 'enzyme';
import Loader from '../../components/Loader';

describe('Loader', () => {
  it('Renders correctly', () => {
    const wrapper = shallow(<Loader />);

    expect(wrapper).toMatchSnapshot();
  });
});
