import React from 'react';
import {shallow} from 'enzyme';
import Login from '../../components/Login';

describe('Login', () => {
  it('Renders correctly', () => {
    const wrapper = shallow(<Login />);

    expect(wrapper).toMatchSnapshot();
  });
});
