import React from 'react';
import {shallow} from 'enzyme';
import Pantry from '../../components/Pantry';

describe('Pantry', () => {
  it('Renders correctly', () => {
    const wrapper = shallow(<Pantry />);

    expect(wrapper).toMatchSnapshot();
  });
});
