import React from 'react';
import {shallow} from 'enzyme';
import Welcome from '../../components/Welcome';

describe('Welcome', () => {
  it('Renders correctly', () => {
    const wrapper = shallow(<Welcome />);

    expect(wrapper).toMatchSnapshot();
  });
});
